Flow report for telemetre_ultrason_HC_SR04_IP
Wed Nov 26 14:34:37 2025
Quartus Prime Version 18.1.0 Build 625 09/12/2018 SJ Lite Edition


---------------------
; Table of Contents ;
---------------------
  1. Legal Notice
  2. Flow Summary
  3. Flow Settings
  4. Flow Non-Default Global Settings
  5. Flow Elapsed Time
  6. Flow OS Summary
  7. Flow Log
  8. Flow Messages
  9. Flow Suppressed Messages



----------------
; Legal Notice ;
----------------
Copyright (C) 2018  Intel Corporation. All rights reserved.
Your use of Intel Corporation's design tools, logic functions 
and other software and tools, and its AMPP partner logic 
functions, and any output files from any of the foregoing 
(including device programming or simulation files), and any 
associated documentation or information are expressly subject 
to the terms and conditions of the Intel Program License 
Subscription Agreement, the Intel Quartus Prime License Agreement,
the Intel FPGA IP License Agreement, or other applicable license
agreement, including, without limitation, that your use is for
the sole purpose of programming logic devices manufactured by
Intel and sold by Intel or its authorized distributors.  Please
refer to the applicable agreement for further details.



+----------------------------------------------------------------------------------+
; Flow Summary                                                                     ;
+------------------------------------+---------------------------------------------+
; Flow Status                        ; Successful - Wed Nov 26 14:34:34 2025       ;
; Quartus Prime Version              ; 18.1.0 Build 625 09/12/2018 SJ Lite Edition ;
; Revision Name                      ; telemetre_ultrason_HC_SR04_IP               ;
; Top-level Entity Name              ; DE10_Lite_Telemetre_Standalone              ;
; Family                             ; MAX 10                                      ;
; Device                             ; 10M50DAF484C7G                              ;
; Timing Models                      ; Final                                       ;
; Total logic elements               ; 920 / 49,760 ( 2 % )                        ;
;     Total combinational functions  ; 920 / 49,760 ( 2 % )                        ;
;     Dedicated logic registers      ; 109 / 49,760 ( < 1 % )                      ;
; Total registers                    ; 109                                         ;
; Total pins                         ; 14 / 360 ( 4 % )                            ;
; Total virtual pins                 ; 0                                           ;
; Total memory bits                  ; 0 / 1,677,312 ( 0 % )                       ;
; Embedded Multiplier 9-bit elements ; 0 / 288 ( 0 % )                             ;
; Total PLLs                         ; 0 / 4 ( 0 % )                               ;
; UFM blocks                         ; 0 / 1 ( 0 % )                               ;
; ADC blocks                         ; 0 / 2 ( 0 % )                               ;
+------------------------------------+---------------------------------------------+


+---------------------------------------------------+
; Flow Settings                                     ;
+-------------------+-------------------------------+
; Option            ; Setting                       ;
+-------------------+-------------------------------+
; Start date & time ; 11/26/2025 14:34:13           ;
; Main task         ; Compilation                   ;
; Revision Name     ; telemetre_ultrason_HC_SR04_IP ;
+-------------------+-------------------------------+


+------------------------------------------------------------------------------------------------------------------------------------------------------------+
; Flow Non-Default Global Settings                                                                                                                           ;
+-------------------------------------+----------------------------------------+-------------------------------+--------------------------------+------------+
; Assignment Name                     ; Value                                  ; Default Value                 ; Entity Name                    ; Section Id ;
+-------------------------------------+----------------------------------------+-------------------------------+--------------------------------+------------+
; COMPILER_SIGNATURE_ID               ; 1098905076492.176416405322028          ; --                            ; --                             ; --         ;
; MAX_CORE_JUNCTION_TEMP              ; 85                                     ; --                            ; --                             ; --         ;
; MIN_CORE_JUNCTION_TEMP              ; 0                                      ; --                            ; --                             ; --         ;
; PARTITION_COLOR                     ; -- (Not supported for targeted family) ; --                            ; DE10_Lite_Telemetre_Standalone ; Top        ;
; PARTITION_FITTER_PRESERVATION_LEVEL ; -- (Not supported for targeted family) ; --                            ; DE10_Lite_Telemetre_Standalone ; Top        ;
; PARTITION_NETLIST_TYPE              ; -- (Not supported for targeted family) ; --                            ; DE10_Lite_Telemetre_Standalone ; Top        ;
; PROJECT_OUTPUT_DIRECTORY            ; output_files                           ; --                            ; --                             ; --         ;
; TOP_LEVEL_ENTITY                    ; DE10_Lite_Telemetre_Standalone         ; telemetre_ultrason_HC_SR04_IP ; --                             ; --         ;
+-------------------------------------+----------------------------------------+-------------------------------+--------------------------------+------------+


+--------------------------------------------------------------------------------------------------------------------------+
; Flow Elapsed Time                                                                                                        ;
+----------------------+--------------+-------------------------+---------------------+------------------------------------+
; Module Name          ; Elapsed Time ; Average Processors Used ; Peak Virtual Memory ; Total CPU Time (on all processors) ;
+----------------------+--------------+-------------------------+---------------------+------------------------------------+
; Analysis & Synthesis ; 00:00:08     ; 1.0                     ; 4866 MB             ; 00:00:05                           ;
; Fitter               ; 00:00:10     ; 1.3                     ; 6632 MB             ; 00:00:09                           ;
; Assembler            ; 00:00:02     ; 1.0                     ; 4685 MB             ; 00:00:02                           ;
; Timing Analyzer      ; 00:00:02     ; 1.5                     ; 4969 MB             ; 00:00:02                           ;
; Total                ; 00:00:22     ; --                      ; --                  ; 00:00:18                           ;
+----------------------+--------------+-------------------------+---------------------+------------------------------------+


+------------------------------------------------------------------------------------+
; Flow OS Summary                                                                    ;
+----------------------+------------------+------------+------------+----------------+
; Module Name          ; Machine Hostname ; OS Name    ; OS Version ; Processor type ;
+----------------------+------------------+------------+------------+----------------+
; Analysis & Synthesis ; TX4              ; Windows 10 ; 10.0       ; x86_64         ;
; Fitter               ; TX4              ; Windows 10 ; 10.0       ; x86_64         ;
; Assembler            ; TX4              ; Windows 10 ; 10.0       ; x86_64         ;
; Timing Analyzer      ; TX4              ; Windows 10 ; 10.0       ; x86_64         ;
+----------------------+------------------+------------+------------+----------------+


------------
; Flow Log ;
------------
quartus_map --read_settings_files=on --write_settings_files=off telemetre_ultrason_IP_standalone -c telemetre_ultrason_HC_SR04_IP
quartus_fit --read_settings_files=off --write_settings_files=off telemetre_ultrason_IP_standalone -c telemetre_ultrason_HC_SR04_IP
quartus_asm --read_settings_files=off --write_settings_files=off telemetre_ultrason_IP_standalone -c telemetre_ultrason_HC_SR04_IP
quartus_sta telemetre_ultrason_IP_standalone -c telemetre_ultrason_HC_SR04_IP



