Analysis & Synthesis report for telemetre_ultrason_HC_SR04_IP
Wed Nov 26 14:34:21 2025
Quartus Prime Version 18.1.0 Build 625 09/12/2018 SJ Lite Edition


---------------------
; Table of Contents ;
---------------------
  1. Legal Notice
  2. Analysis & Synthesis Summary
  3. Analysis & Synthesis Settings
  4. Parallel Compilation
  5. Analysis & Synthesis Source Files Read
  6. Analysis & Synthesis Resource Usage Summary
  7. Analysis & Synthesis Resource Utilization by Entity
  8. General Register Statistics
  9. Multiplexer Restructuring Statistics (Restructuring Performed)
 10. Parameter Settings for Inferred Entity Instance: telemetre_ultrason_HC_SR04_IP:Ultrasonic_Inst|lpm_divide:Div0
 11. Post-Synthesis Netlist Statistics for Top Partition
 12. Elapsed Time Per Partition
 13. Analysis & Synthesis Messages



----------------
; Legal Notice ;
----------------
Copyright (C) 2018  Intel Corporation. All rights reserved.
Your use of Intel Corporation's design tools, logic functions 
and other software and tools, and its AMPP partner logic 
functions, and any output files from any of the foregoing 
(including device programming or simulation files), and any 
associated documentation or information are expressly subject 
to the terms and conditions of the Intel Program License 
Subscription Agreement, the Intel Quartus Prime License Agreement,
the Intel FPGA IP License Agreement, or other applicable license
agreement, including, without limitation, that your use is for
the sole purpose of programming logic devices manufactured by
Intel and sold by Intel or its authorized distributors.  Please
refer to the applicable agreement for further details.



+----------------------------------------------------------------------------------+
; Analysis & Synthesis Summary                                                     ;
+------------------------------------+---------------------------------------------+
; Analysis & Synthesis Status        ; Successful - Wed Nov 26 14:34:21 2025       ;
; Quartus Prime Version              ; 18.1.0 Build 625 09/12/2018 SJ Lite Edition ;
; Revision Name                      ; telemetre_ultrason_HC_SR04_IP               ;
; Top-level Entity Name              ; DE10_Lite_Telemetre_Standalone              ;
; Family                             ; MAX 10                                      ;
; Total logic elements               ; 919                                         ;
;     Total combinational functions  ; 919                                         ;
;     Dedicated logic registers      ; 109                                         ;
; Total registers                    ; 109                                         ;
; Total pins                         ; 14                                          ;
; Total virtual pins                 ; 0                                           ;
; Total memory bits                  ; 0                                           ;
; Embedded Multiplier 9-bit elements ; 0                                           ;
; Total PLLs                         ; 0                                           ;
; UFM blocks                         ; 0                                           ;
; ADC blocks                         ; 0                                           ;
+------------------------------------+---------------------------------------------+


+-----------------------------------------------------------------------------------------------------------------------------------+
; Analysis & Synthesis Settings                                                                                                     ;
+------------------------------------------------------------------+--------------------------------+-------------------------------+
; Option                                                           ; Setting                        ; Default Value                 ;
+------------------------------------------------------------------+--------------------------------+-------------------------------+
; Device                                                           ; 10M50DAF484C7G                 ;                               ;
; Top-level entity name                                            ; DE10_Lite_Telemetre_Standalone ; telemetre_ultrason_HC_SR04_IP ;
; Family name                                                      ; MAX 10                         ; Cyclone V                     ;
; Use smart compilation                                            ; Off                            ; Off                           ;
; Enable parallel Assembler and Timing Analyzer during compilation ; On                             ; On                            ;
; Enable compact report table                                      ; Off                            ; Off                           ;
; Restructure Multiplexers                                         ; Auto                           ; Auto                          ;
; Create Debugging Nodes for IP Cores                              ; Off                            ; Off                           ;
; Preserve fewer node names                                        ; On                             ; On                            ;
; Intel FPGA IP Evaluation Mode                                    ; Enable                         ; Enable                        ;
; Verilog Version                                                  ; Verilog_2001                   ; Verilog_2001                  ;
; VHDL Version                                                     ; VHDL_1993                      ; VHDL_1993                     ;
; State Machine Processing                                         ; Auto                           ; Auto                          ;
; Safe State Machine                                               ; Off                            ; Off                           ;
; Extract Verilog State Machines                                   ; On                             ; On                            ;
; Extract VHDL State Machines                                      ; On                             ; On                            ;
; Ignore Verilog initial constructs                                ; Off                            ; Off                           ;
; Iteration limit for constant Verilog loops                       ; 5000                           ; 5000                          ;
; Iteration limit for non-constant Verilog loops                   ; 250                            ; 250                           ;
; Add Pass-Through Logic to Inferred RAMs                          ; On                             ; On                            ;
; Infer RAMs from Raw Logic                                        ; On                             ; On                            ;
; Parallel Synthesis                                               ; On                             ; On                            ;
; DSP Block Balancing                                              ; Auto                           ; Auto                          ;
; NOT Gate Push-Back                                               ; On                             ; On                            ;
; Power-Up Don't Care                                              ; On                             ; On                            ;
; Remove Redundant Logic Cells                                     ; Off                            ; Off                           ;
; Remove Duplicate Registers                                       ; On                             ; On                            ;
; Ignore CARRY Buffers                                             ; Off                            ; Off                           ;
; Ignore CASCADE Buffers                                           ; Off                            ; Off                           ;
; Ignore GLOBAL Buffers                                            ; Off                            ; Off                           ;
; Ignore ROW GLOBAL Buffers                                        ; Off                            ; Off                           ;
; Ignore LCELL Buffers                                             ; Off                            ; Off                           ;
; Ignore SOFT Buffers                                              ; On                             ; On                            ;
; Limit AHDL Integers to 32 Bits                                   ; Off                            ; Off                           ;
; Optimization Technique                                           ; Balanced                       ; Balanced                      ;
; Carry Chain Length                                               ; 70                             ; 70                            ;
; Auto Carry Chains                                                ; On                             ; On                            ;
; Auto Open-Drain Pins                                             ; On                             ; On                            ;
; Perform WYSIWYG Primitive Resynthesis                            ; Off                            ; Off                           ;
; Auto ROM Replacement                                             ; On                             ; On                            ;
; Auto RAM Replacement                                             ; On                             ; On                            ;
; Auto DSP Block Replacement                                       ; On                             ; On                            ;
; Auto Shift Register Replacement                                  ; Auto                           ; Auto                          ;
; Allow Shift Register Merging across Hierarchies                  ; Auto                           ; Auto                          ;
; Auto Clock Enable Replacement                                    ; On                             ; On                            ;
; Strict RAM Replacement                                           ; Off                            ; Off                           ;
; Allow Synchronous Control Signals                                ; On                             ; On                            ;
; Force Use of Synchronous Clear Signals                           ; Off                            ; Off                           ;
; Auto RAM Block Balancing                                         ; On                             ; On                            ;
; Auto RAM to Logic Cell Conversion                                ; Off                            ; Off                           ;
; Auto Resource Sharing                                            ; Off                            ; Off                           ;
; Allow Any RAM Size For Recognition                               ; Off                            ; Off                           ;
; Allow Any ROM Size For Recognition                               ; Off                            ; Off                           ;
; Allow Any Shift Register Size For Recognition                    ; Off                            ; Off                           ;
; Use LogicLock Constraints during Resource Balancing              ; On                             ; On                            ;
; Ignore translate_off and synthesis_off directives                ; Off                            ; Off                           ;
; Timing-Driven Synthesis                                          ; On                             ; On                            ;
; Report Parameter Settings                                        ; On                             ; On                            ;
; Report Source Assignments                                        ; On                             ; On                            ;
; Report Connectivity Checks                                       ; On                             ; On                            ;
; Ignore Maximum Fan-Out Assignments                               ; Off                            ; Off                           ;
; Synchronization Register Chain Length                            ; 2                              ; 2                             ;
; Power Optimization During Synthesis                              ; Normal compilation             ; Normal compilation            ;
; HDL message level                                                ; Level2                         ; Level2                        ;
; Suppress Register Optimization Related Messages                  ; Off                            ; Off                           ;
; Number of Removed Registers Reported in Synthesis Report         ; 5000                           ; 5000                          ;
; Number of Swept Nodes Reported in Synthesis Report               ; 5000                           ; 5000                          ;
; Number of Inverted Registers Reported in Synthesis Report        ; 100                            ; 100                           ;
; Clock MUX Protection                                             ; On                             ; On                            ;
; Auto Gated Clock Conversion                                      ; Off                            ; Off                           ;
; Block Design Naming                                              ; Auto                           ; Auto                          ;
; SDC constraint protection                                        ; Off                            ; Off                           ;
; Synthesis Effort                                                 ; Auto                           ; Auto                          ;
; Shift Register Replacement - Allow Asynchronous Clear Signal     ; On                             ; On                            ;
; Pre-Mapping Resynthesis Optimization                             ; Off                            ; Off                           ;
; Analysis & Synthesis Message Level                               ; Medium                         ; Medium                        ;
; Disable Register Merging Across Hierarchies                      ; Auto                           ; Auto                          ;
; Resource Aware Inference For Block RAM                           ; On                             ; On                            ;
+------------------------------------------------------------------+--------------------------------+-------------------------------+


+------------------------------------------+
; Parallel Compilation                     ;
+----------------------------+-------------+
; Processors                 ; Number      ;
+----------------------------+-------------+
; Number detected on machine ; 16          ;
; Maximum allowed            ; 16          ;
;                            ;             ;
; Average used               ; 1.00        ;
; Maximum used               ; 16          ;
;                            ;             ;
; Usage by Processor         ; % Time Used ;
;     Processor 1            ; 100.0%      ;
;     Processor 2            ;   0.0%      ;
;     Processor 3            ;   0.0%      ;
;     Processor 4            ;   0.0%      ;
;     Processor 5            ;   0.0%      ;
;     Processor 6            ;   0.0%      ;
;     Processor 7            ;   0.0%      ;
;     Processor 8            ;   0.0%      ;
;     Processors 9-16        ;   0.0%      ;
+----------------------------+-------------+


+-----------------------------------------------------------------------------------------------------------------------------------------------------------------------------------------------------------------+
; Analysis & Synthesis Source Files Read                                                                                                                                                                          ;
+--------------------------------------+-----------------+------------------------------+---------------------------------------------------------------------------------------------------------------+---------+
; File Name with User-Entered Path     ; Used in Netlist ; File Type                    ; File Name with Absolute Path                                                                                  ; Library ;
+--------------------------------------+-----------------+------------------------------+---------------------------------------------------------------------------------------------------------------+---------+
; ../telemetre_ultrason_HC_SR04_IP.vhd ; yes             ; User VHDL File               ; C:/Quartus_Lite/mycodes/master/miniprojet/telemetre_ultrason_IP_standalone/telemetre_ultrason_HC_SR04_IP.vhd  ;         ;
; DE10_Lite_Telemetre_Standalone.vhd   ; yes             ; User VHDL File               ; C:/Quartus_Lite/mycodes/master/miniprojet/telemetre_ultrason_IP_standalone/DE10_Lite_Telemetre_Standalone.vhd ;         ;
; lpm_divide.tdf                       ; yes             ; Megafunction                 ; c:/quartus_lite/quartus/libraries/megafunctions/lpm_divide.tdf                                                ;         ;
; abs_divider.inc                      ; yes             ; Megafunction                 ; c:/quartus_lite/quartus/libraries/megafunctions/abs_divider.inc                                               ;         ;
; sign_div_unsign.inc                  ; yes             ; Megafunction                 ; c:/quartus_lite/quartus/libraries/megafunctions/sign_div_unsign.inc                                           ;         ;
; aglobal181.inc                       ; yes             ; Megafunction                 ; c:/quartus_lite/quartus/libraries/megafunctions/aglobal181.inc                                                ;         ;
; db/lpm_divide_5vl.tdf                ; yes             ; Auto-Generated Megafunction  ; C:/Quartus_Lite/mycodes/master/miniprojet/telemetre_ultrason_IP_standalone/db/lpm_divide_5vl.tdf              ;         ;
; db/sign_div_unsign_7nh.tdf           ; yes             ; Auto-Generated Megafunction  ; C:/Quartus_Lite/mycodes/master/miniprojet/telemetre_ultrason_IP_standalone/db/sign_div_unsign_7nh.tdf         ;         ;
; db/alt_u_div_k2f.tdf                 ; yes             ; Auto-Generated Megafunction  ; C:/Quartus_Lite/mycodes/master/miniprojet/telemetre_ultrason_IP_standalone/db/alt_u_div_k2f.tdf               ;         ;
+--------------------------------------+-----------------+------------------------------+---------------------------------------------------------------------------------------------------------------+---------+


+-------------------------------------------------------------------+
; Analysis & Synthesis Resource Usage Summary                       ;
+---------------------------------------------+---------------------+
; Resource                                    ; Usage               ;
+---------------------------------------------+---------------------+
; Estimated Total logic elements              ; 919                 ;
;                                             ;                     ;
; Total combinational functions               ; 919                 ;
; Logic element usage by number of LUT inputs ;                     ;
;     -- 4 input functions                    ; 246                 ;
;     -- 3 input functions                    ; 249                 ;
;     -- <=2 input functions                  ; 424                 ;
;                                             ;                     ;
; Logic elements by mode                      ;                     ;
;     -- normal mode                          ; 554                 ;
;     -- arithmetic mode                      ; 365                 ;
;                                             ;                     ;
; Total registers                             ; 109                 ;
;     -- Dedicated logic registers            ; 109                 ;
;     -- I/O registers                        ; 0                   ;
;                                             ;                     ;
; I/O pins                                    ; 14                  ;
;                                             ;                     ;
; Embedded Multiplier 9-bit elements          ; 0                   ;
;                                             ;                     ;
; Maximum fan-out node                        ; MAX10_CLK1_50~input ;
; Maximum fan-out                             ; 109                 ;
; Total fan-out                               ; 3088                ;
; Average fan-out                             ; 2.92                ;
+---------------------------------------------+---------------------+


+-----------------------------------------------------------------------------------------------------------------------------------------------------------------------------------------------------------------------------------------------------------------------------------------------------------------------------------------------------------------------------------------------------------------------------------------+
; Analysis & Synthesis Resource Utilization by Entity                                                                                                                                                                                                                                                                                                                                                                                     ;
+----------------------------------------------------+---------------------+---------------------------+-------------+------------+--------------+---------+-----------+------+--------------+------------+-------------------------------------------------------------------------------------------------------------------------------------------------------------------------------+--------------------------------+--------------+
; Compilation Hierarchy Node                         ; Combinational ALUTs ; Dedicated Logic Registers ; Memory Bits ; UFM Blocks ; DSP Elements ; DSP 9x9 ; DSP 18x18 ; Pins ; Virtual Pins ; ADC blocks ; Full Hierarchy Name                                                                                                                                                           ; Entity Name                    ; Library Name ;
+----------------------------------------------------+---------------------+---------------------------+-------------+------------+--------------+---------+-----------+------+--------------+------------+-------------------------------------------------------------------------------------------------------------------------------------------------------------------------------+--------------------------------+--------------+
; |DE10_Lite_Telemetre_Standalone                    ; 919 (0)             ; 109 (0)                   ; 0           ; 0          ; 0            ; 0       ; 0         ; 14   ; 0            ; 0          ; |DE10_Lite_Telemetre_Standalone                                                                                                                                               ; DE10_Lite_Telemetre_Standalone ; work         ;
;    |telemetre_ultrason_HC_SR04_IP:Ultrasonic_Inst| ; 919 (164)           ; 109 (109)                 ; 0           ; 0          ; 0            ; 0       ; 0         ; 0    ; 0            ; 0          ; |DE10_Lite_Telemetre_Standalone|telemetre_ultrason_HC_SR04_IP:Ultrasonic_Inst                                                                                                 ; telemetre_ultrason_HC_SR04_IP  ; work         ;
;       |lpm_divide:Div0|                            ; 755 (0)             ; 0 (0)                     ; 0           ; 0          ; 0            ; 0       ; 0         ; 0    ; 0            ; 0          ; |DE10_Lite_Telemetre_Standalone|telemetre_ultrason_HC_SR04_IP:Ultrasonic_Inst|lpm_divide:Div0                                                                                 ; lpm_divide                     ; work         ;
;          |lpm_divide_5vl:auto_generated|           ; 755 (0)             ; 0 (0)                     ; 0           ; 0          ; 0            ; 0       ; 0         ; 0    ; 0            ; 0          ; |DE10_Lite_Telemetre_Standalone|telemetre_ultrason_HC_SR04_IP:Ultrasonic_Inst|lpm_divide:Div0|lpm_divide_5vl:auto_generated                                                   ; lpm_divide_5vl                 ; work         ;
;             |sign_div_unsign_7nh:divider|          ; 755 (0)             ; 0 (0)                     ; 0           ; 0          ; 0            ; 0       ; 0         ; 0    ; 0            ; 0          ; |DE10_Lite_Telemetre_Standalone|telemetre_ultrason_HC_SR04_IP:Ultrasonic_Inst|lpm_divide:Div0|lpm_divide_5vl:auto_generated|sign_div_unsign_7nh:divider                       ; sign_div_unsign_7nh            ; work         ;
;                |alt_u_div_k2f:divider|             ; 755 (755)           ; 0 (0)                     ; 0           ; 0          ; 0            ; 0       ; 0         ; 0    ; 0            ; 0          ; |DE10_Lite_Telemetre_Standalone|telemetre_ultrason_HC_SR04_IP:Ultrasonic_Inst|lpm_divide:Div0|lpm_divide_5vl:auto_generated|sign_div_unsign_7nh:divider|alt_u_div_k2f:divider ; alt_u_div_k2f                  ; work         ;
+----------------------------------------------------+---------------------+---------------------------+-------------+------------+--------------+---------+-----------+------+--------------+------------+-------------------------------------------------------------------------------------------------------------------------------------------------------------------------------+--------------------------------+--------------+
Note: For table entries with two numbers listed, the numbers in parentheses indicate the number of resources of the given type used by the specific entity alone. The numbers listed outside of parentheses indicate the total resources of the given type used by the specific entity and all of its sub-entities in the hierarchy.


+------------------------------------------------------+
; General Register Statistics                          ;
+----------------------------------------------+-------+
; Statistic                                    ; Value ;
+----------------------------------------------+-------+
; Total registers                              ; 109   ;
; Number of registers using Synchronous Clear  ; 96    ;
; Number of registers using Synchronous Load   ; 0     ;
; Number of registers using Asynchronous Clear ; 109   ;
; Number of registers using Asynchronous Load  ; 0     ;
; Number of registers using Clock Enable       ; 107   ;
; Number of registers using Preset             ; 0     ;
+----------------------------------------------+-------+


+--------------------------------------------------------------------------------------------------------------------------------------------------------------------------------------------------------------+
; Multiplexer Restructuring Statistics (Restructuring Performed)                                                                                                                                               ;
+--------------------+-----------+---------------+----------------------+------------------------+------------+------------------------------------------------------------------------------------------------+
; Multiplexer Inputs ; Bus Width ; Baseline Area ; Area if Restructured ; Saving if Restructured ; Registered ; Example Multiplexer Output                                                                     ;
+--------------------+-----------+---------------+----------------------+------------------------+------------+------------------------------------------------------------------------------------------------+
; 3:1                ; 32 bits   ; 64 LEs        ; 32 LEs               ; 32 LEs                 ; Yes        ; |DE10_Lite_Telemetre_Standalone|telemetre_ultrason_HC_SR04_IP:Ultrasonic_Inst|echo_counter[21] ;
; 3:1                ; 32 bits   ; 64 LEs        ; 32 LEs               ; 32 LEs                 ; Yes        ; |DE10_Lite_Telemetre_Standalone|telemetre_ultrason_HC_SR04_IP:Ultrasonic_Inst|total_counter[8] ;
; 4:1                ; 10 bits   ; 20 LEs        ; 20 LEs               ; 0 LEs                  ; Yes        ; |DE10_Lite_Telemetre_Standalone|telemetre_ultrason_HC_SR04_IP:Ultrasonic_Inst|dist_cm[0]       ;
+--------------------+-----------+---------------+----------------------+------------------------+------------+------------------------------------------------------------------------------------------------+


+----------------------------------------------------------------------------------------------------------------+
; Parameter Settings for Inferred Entity Instance: telemetre_ultrason_HC_SR04_IP:Ultrasonic_Inst|lpm_divide:Div0 ;
+------------------------+----------------+----------------------------------------------------------------------+
; Parameter Name         ; Value          ; Type                                                                 ;
+------------------------+----------------+----------------------------------------------------------------------+
; LPM_WIDTHN             ; 32             ; Untyped                                                              ;
; LPM_WIDTHD             ; 12             ; Untyped                                                              ;
; LPM_NREPRESENTATION    ; UNSIGNED       ; Untyped                                                              ;
; LPM_DREPRESENTATION    ; UNSIGNED       ; Untyped                                                              ;
; LPM_PIPELINE           ; 0              ; Untyped                                                              ;
; LPM_REMAINDERPOSITIVE  ; TRUE           ; Untyped                                                              ;
; MAXIMIZE_SPEED         ; 5              ; Untyped                                                              ;
; CBXI_PARAMETER         ; lpm_divide_5vl ; Untyped                                                              ;
; CARRY_CHAIN            ; MANUAL         ; Untyped                                                              ;
; OPTIMIZE_FOR_SPEED     ; 5              ; Untyped                                                              ;
; AUTO_CARRY_CHAINS      ; ON             ; AUTO_CARRY                                                           ;
; IGNORE_CARRY_BUFFERS   ; OFF            ; IGNORE_CARRY                                                         ;
; AUTO_CASCADE_CHAINS    ; ON             ; AUTO_CASCADE                                                         ;
; IGNORE_CASCADE_BUFFERS ; OFF            ; IGNORE_CASCADE                                                       ;
+------------------------+----------------+----------------------------------------------------------------------+
Note: In order to hide this table in the UI and the text report file, please set the "Show Parameter Settings in Synthesis Report" option in "Analysis and Synthesis Settings -> More Settings" to "Off".


+-----------------------------------------------------+
; Post-Synthesis Netlist Statistics for Top Partition ;
+-----------------------+-----------------------------+
; Type                  ; Count                       ;
+-----------------------+-----------------------------+
; boundary_port         ; 14                          ;
; cycloneiii_ff         ; 109                         ;
;     CLR               ; 2                           ;
;     ENA CLR           ; 11                          ;
;     ENA CLR SCLR      ; 96                          ;
; cycloneiii_lcell_comb ; 919                         ;
;     arith             ; 365                         ;
;         2 data inputs ; 124                         ;
;         3 data inputs ; 241                         ;
;     normal            ; 554                         ;
;         0 data inputs ; 21                          ;
;         1 data inputs ; 4                           ;
;         2 data inputs ; 275                         ;
;         3 data inputs ; 8                           ;
;         4 data inputs ; 246                         ;
;                       ;                             ;
; Max LUT depth         ; 66.20                       ;
; Average LUT depth     ; 49.92                       ;
+-----------------------+-----------------------------+


+-------------------------------+
; Elapsed Time Per Partition    ;
+----------------+--------------+
; Partition Name ; Elapsed Time ;
+----------------+--------------+
; Top            ; 00:00:01     ;
+----------------+--------------+


+-------------------------------+
; Analysis & Synthesis Messages ;
+-------------------------------+
Info: *******************************************************************
Info: Running Quartus Prime Analysis & Synthesis
    Info: Version 18.1.0 Build 625 09/12/2018 SJ Lite Edition
    Info: Processing started: Wed Nov 26 14:34:12 2025
Info: Command: quartus_map --read_settings_files=on --write_settings_files=off telemetre_ultrason_IP_standalone -c telemetre_ultrason_HC_SR04_IP
Warning (18236): Number of processors has not been specified which may cause overloading on shared machines.  Set the global assignment NUM_PARALLEL_PROCESSORS in your QSF to an appropriate value for best performance.
Info (20030): Parallel compilation is enabled and will use 16 of the 16 processors detected
Info (12021): Found 2 design units, including 1 entities, in source file telemetre_ultrason_hc_sr04_ip.vhd
    Info (12022): Found design unit 1: telemetre_ultrason_HC_SR04_IP-telemetre_ultrason_HC_SR04_IP_arch File: C:/Quartus_Lite/mycodes/master/miniprojet/telemetre_ultrason_IP_standalone/telemetre_ultrason_HC_SR04_IP.vhd Line: 15
    Info (12023): Found entity 1: telemetre_ultrason_HC_SR04_IP File: C:/Quartus_Lite/mycodes/master/miniprojet/telemetre_ultrason_IP_standalone/telemetre_ultrason_HC_SR04_IP.vhd Line: 5
Info (12021): Found 2 design units, including 1 entities, in source file de10_lite_telemetre_standalone.vhd
    Info (12022): Found design unit 1: DE10_Lite_Telemetre_Standalone-arch File: C:/Quartus_Lite/mycodes/master/miniprojet/telemetre_ultrason_IP_standalone/DE10_Lite_Telemetre_Standalone.vhd Line: 20
    Info (12023): Found entity 1: DE10_Lite_Telemetre_Standalone File: C:/Quartus_Lite/mycodes/master/miniprojet/telemetre_ultrason_IP_standalone/DE10_Lite_Telemetre_Standalone.vhd Line: 5
Info (12127): Elaborating entity "DE10_Lite_Telemetre_Standalone" for the top level hierarchy
Info (12128): Elaborating entity "telemetre_ultrason_HC_SR04_IP" for hierarchy "telemetre_ultrason_HC_SR04_IP:Ultrasonic_Inst" File: C:/Quartus_Lite/mycodes/master/miniprojet/telemetre_ultrason_IP_standalone/DE10_Lite_Telemetre_Standalone.vhd Line: 36
Info (278001): Inferred 1 megafunctions from design logic
    Info (278004): Inferred divider/modulo megafunction ("lpm_divide") from the following logic: "telemetre_ultrason_HC_SR04_IP:Ultrasonic_Inst|Div0" File: C:/Quartus_Lite/mycodes/master/miniprojet/telemetre_ultrason_IP_standalone/telemetre_ultrason_HC_SR04_IP.vhd Line: 70
Info (12130): Elaborated megafunction instantiation "telemetre_ultrason_HC_SR04_IP:Ultrasonic_Inst|lpm_divide:Div0" File: C:/Quartus_Lite/mycodes/master/miniprojet/telemetre_ultrason_IP_standalone/telemetre_ultrason_HC_SR04_IP.vhd Line: 70
Info (12133): Instantiated megafunction "telemetre_ultrason_HC_SR04_IP:Ultrasonic_Inst|lpm_divide:Div0" with the following parameter: File: C:/Quartus_Lite/mycodes/master/miniprojet/telemetre_ultrason_IP_standalone/telemetre_ultrason_HC_SR04_IP.vhd Line: 70
    Info (12134): Parameter "LPM_WIDTHN" = "32"
    Info (12134): Parameter "LPM_WIDTHD" = "12"
    Info (12134): Parameter "LPM_NREPRESENTATION" = "UNSIGNED"
    Info (12134): Parameter "LPM_DREPRESENTATION" = "UNSIGNED"
Info (12021): Found 1 design units, including 1 entities, in source file db/lpm_divide_5vl.tdf
    Info (12023): Found entity 1: lpm_divide_5vl File: C:/Quartus_Lite/mycodes/master/miniprojet/telemetre_ultrason_IP_standalone/db/lpm_divide_5vl.tdf Line: 24
Info (12021): Found 1 design units, including 1 entities, in source file db/sign_div_unsign_7nh.tdf
    Info (12023): Found entity 1: sign_div_unsign_7nh File: C:/Quartus_Lite/mycodes/master/miniprojet/telemetre_ultrason_IP_standalone/db/sign_div_unsign_7nh.tdf Line: 24
Info (12021): Found 1 design units, including 1 entities, in source file db/alt_u_div_k2f.tdf
    Info (12023): Found entity 1: alt_u_div_k2f File: C:/Quartus_Lite/mycodes/master/miniprojet/telemetre_ultrason_IP_standalone/db/alt_u_div_k2f.tdf Line: 22
Info (286030): Timing-Driven Synthesis is running
Info (16010): Generating hard_block partition "hard_block:auto_generated_inst"
    Info (16011): Adding 0 node(s), including 0 DDIO, 0 PLL, 0 transceiver and 0 LCELL
Info (21057): Implemented 933 device resources after synthesis - the final resource count might be different
    Info (21058): Implemented 3 input pins
    Info (21059): Implemented 11 output pins
    Info (21061): Implemented 919 logic cells
Info: Quartus Prime Analysis & Synthesis was successful. 0 errors, 1 warning
    Info: Peak virtual memory: 4866 megabytes
    Info: Processing ended: Wed Nov 26 14:34:21 2025
    Info: Elapsed time: 00:00:09
    Info: Total CPU time (on all processors): 00:00:05


